
> client@0.1.0 build
> next build

Γû▓ Next.js 16.2.1 (Turbopack)
- Environments: .env.local

  Creating an optimized production build ...
Γ£ô Compiled successfully in 7.9s
  Running TypeScript ...
node.exe : Failed to type check.
At C:\Program Files\nodejs\npm.ps1:29 char:3
+   & $NODE_EXE $NPM_CLI_JS $args
+   ~~~~~~~~~~~~~~~~~~~~~~~~~~~~~
    + CategoryInfo          : NotSpecified: (Failed to type check.:String) [], RemoteException
    + FullyQualifiedErrorId : NativeCommandError
 

./app/admin/request/page.tsx:43:8
Type error: Property 'catch' does not exist on type 'PromiseLike<void>'.

  [90m41 |[0m         setRequest(data [36mas[0m any);
  [90m42 |[0m       })
[31m[1m>[0m [90m43 |[0m       .[36mcatch[0m((e: any) => {
  [90m   |[0m        [31m[1m^[0m
  [90m44 |[0m         setError(e?.message || [32m'Failed to load admin request'[0m);
  [90m45 |[0m         setRequest([36mnull[0m);
  [90m46 |[0m       })
Next.js build worker exited with code: 1 and signal: null
